[INFO] Scanning for projects...
[INFO] 
[INFO] ----------------------< group3.en:stuattendance >-----------------------
[INFO] Building stuattendance 0.0.1-SNAPSHOT
[INFO]   from pom.xml
[INFO] --------------------------------[ jar ]---------------------------------
[INFO] 
[INFO] --- resources:3.3.1:resources (default-resources) @ stuattendance ---
[INFO] Copying 1 resource from src\main\resources to target\classes
[INFO] Copying 19 resources from src\main\resources to target\classes
[INFO] 
[INFO] --- compiler:3.11.0:compile (default-compile) @ stuattendance ---
[INFO] Changes detected - recompiling the module! :source
[INFO] Compiling 143 source files with javac [debug release 17] to target\classes
[WARNING] /C:/Users/UsER/Documents/Transversal project/Student Attendance System/stuattendance/src/main/java/group3/en/stuattendance/Attendancemanager/Model/AttendanceRecord.java:[54,32] @Builder will ignore the initializing expression entirely. If you want the initializing expression to serve as default, add @Builder.Default. If it is not supposed to be settable during building, make the field final.
[WARNING] /C:/Users/UsER/Documents/Transversal project/Student Attendance System/stuattendance/src/main/java/group3/en/stuattendance/Usermanager/DTO/BulkImportResultDto.java:[19,28] @Builder will ignore the initializing expression entirely. If you want the initializing expression to serve as default, add @Builder.Default. If it is not supposed to be settable during building, make the field final.
[WARNING] /C:/Users/UsER/Documents/Transversal project/Student Attendance System/stuattendance/src/main/java/group3/en/stuattendance/Institutionmanager/Model/Institution.java:[37,23] @Builder will ignore the initializing expression entirely. If you want the initializing expression to serve as default, add @Builder.Default. If it is not supposed to be settable during building, make the field final.
[WARNING] /C:/Users/UsER/Documents/Transversal project/Student Attendance System/stuattendance/src/main/java/group3/en/stuattendance/Institutionmanager/Model/Institution.java:[41,29] @Builder will ignore the initializing expression entirely. If you want the initializing expression to serve as default, add @Builder.Default. If it is not supposed to be settable during building, make the field final.
[WARNING] /C:/Users/UsER/Documents/Transversal project/Student Attendance System/stuattendance/src/main/java/group3/en/stuattendance/Justificationmanager/Model/Justification.java:[49,33] @Builder will ignore the initializing expression entirely. If you want the initializing expression to serve as default, add @Builder.Default. If it is not supposed to be settable during building, make the field final.
[WARNING] /C:/Users/UsER/Documents/Transversal project/Student Attendance System/stuattendance/src/main/java/group3/en/stuattendance/Notificationmanager/Model/Notification.java:[40,21] @Builder will ignore the initializing expression entirely. If you want the initializing expression to serve as default, add @Builder.Default. If it is not supposed to be settable during building, make the field final.
[INFO] 
[INFO] --- resources:3.3.1:testResources (default-testResources) @ stuattendance ---
[INFO] skip non existing resourceDirectory C:\Users\UsER\Documents\Transversal project\Student Attendance System\stuattendance\src\test\resources
[INFO] 
[INFO] --- compiler:3.11.0:testCompile (default-testCompile) @ stuattendance ---
[INFO] Changes detected - recompiling the module! :dependency
[INFO] Compiling 5 source files with javac [debug release 17] to target\test-classes
[INFO] -------------------------------------------------------------
[ERROR] COMPILATION ERROR : 
[INFO] -------------------------------------------------------------
[ERROR] /C:/Users/UsER/Documents/Transversal project/Student Attendance System/stuattendance/src/test/java/group3/en/stuattendance/Timetablemanager/Controller/CourseTimetableApiTest.java:[43,17] cannot find symbol
  symbol:   method semester(int)
  location: class group3.en.stuattendance.Timetablemanager.DTO.CourseDto.CourseDtoBuilder
[ERROR] /C:/Users/UsER/Documents/Transversal project/Student Attendance System/stuattendance/src/test/java/group3/en/stuattendance/Timetablemanager/Controller/CourseTimetableApiTest.java:[46,27] cannot find symbol
  symbol:   method getCoursesBySpecialityAndSemester(int,int)
  location: variable courseService of type group3.en.stuattendance.Timetablemanager.Service.CourseService
[INFO] 2 errors 
[INFO] -------------------------------------------------------------
[INFO] ------------------------------------------------------------------------
[INFO] BUILD FAILURE
[INFO] ------------------------------------------------------------------------
[INFO] Total time:  01:11 min
[INFO] Finished at: 2026-03-07T00:07:40+01:00
[INFO] ------------------------------------------------------------------------
[ERROR] Failed to execute goal org.apache.maven.plugins:maven-compiler-plugin:3.11.0:testCompile (default-testCompile) on project stuattendance: Compilation failure: Compilation failure: 
[ERROR] /C:/Users/UsER/Documents/Transversal project/Student Attendance System/stuattendance/src/test/java/group3/en/stuattendance/Timetablemanager/Controller/CourseTimetableApiTest.java:[43,17] cannot find symbol
[ERROR]   symbol:   method semester(int)
[ERROR]   location: class group3.en.stuattendance.Timetablemanager.DTO.CourseDto.CourseDtoBuilder
[ERROR] /C:/Users/UsER/Documents/Transversal project/Student Attendance System/stuattendance/src/test/java/group3/en/stuattendance/Timetablemanager/Controller/CourseTimetableApiTest.java:[46,27] cannot find symbol
[ERROR]   symbol:   method getCoursesBySpecialityAndSemester(int,int)
[ERROR]   location: variable courseService of type group3.en.stuattendance.Timetablemanager.Service.CourseService
[ERROR] -> [Help 1]
[ERROR] 
[ERROR] To see the full stack trace of the errors, re-run Maven with the -e switch.
[ERROR] Re-run Maven using the -X switch to enable full debug logging.
[ERROR] 
[ERROR] For more information about the errors and possible solutions, please read the following articles:
[ERROR] [Help 1] http://cwiki.apache.org/confluence/display/MAVEN/MojoFailureException
